{
  "build": {
    "env": null,
    "logger_creator": null
  },
  "checkpointing": {
    "checkpoint_trainable_policies_only": false,
    "export_native_model_files": false
  },
  "debugging": {
    "logger_config": null,
    "fake_sampler": false,
    "seed": null,
    "worker_cls": -1,
    "log_sys_usage": true,
    "log_level": "WARN"
  },
  "environment": {
    "env_config": {},
    "render_env": false,
    "auto_wrap_old_gym_envs": true,
    "action_space": null,
    "observation_space": null,
    "clip_actions": false,
    "env_task_fn": null,
    "disable_env_checking": false,
    "normalize_actions": true,
    "action_mask_key": "action_mask",
    "clip_rewards": null
  },
  "evaluation": {
    "evaluation_sample_timeout_s": 180.0,
    "evaluation_duration_unit": "episodes",
    "evaluation_duration": 10,
    "evaluation_parallel_to_training": false,
    "enable_async_evaluation": false,
    "always_attach_evaluation_results": false,
    "evaluation_config": null,
    "evaluation_interval": null,
    "ope_split_batch_by_episode": true,
    "off_policy_estimation_methods": {},
    "evaluation_num_workers": 0,
    "custom_evaluation_function": null
  },
  "experimental": {
    "_disable_execution_plan_api": true,
    "_disable_preprocessor_api": false,
    "_tf_policy_handles_more_than_one_loss": false,
    "_disable_action_flattening": false,
    "_disable_initialize_loss_from_dummy_batch": false
  },
  "exploration": {
    "explore": true,
    "exploration_config": {
      "type": "StochasticSampling"
    }
  },
  "fault_tolerance": {
    "restart_failed_sub_environments": false,
    "delay_between_worker_restarts_s": 60.0,
    "recreate_failed_workers": false,
    "worker_health_probe_timeout_s": 60,
    "num_consecutive_worker_failures_tolerance": 100,
    "max_num_worker_restarts": 1000,
    "worker_restore_timeout_s": 1800
  },
  "framework": {
    "local_tf_session_args": {
      "intra_op_parallelism_threads": 8,
      "inter_op_parallelism_threads": 8
    },
    "eager_tracing": true,
    "torch_compile_learner_dynamo_backend": "aot_eager",
    "eager_max_retraces": 20,
    "torch_compile_worker_dynamo_backend": "aot_eager",
    "tf_session_args": {
      "intra_op_parallelism_threads": 2,
      "inter_op_parallelism_threads": 2,
      "gpu_options": {
        "allow_growth": true
      },
      "log_device_placement": false,
      "device_count": {
        "CPU": 1
      },
      "allow_soft_placement": true
    },
    "torch_compile_learner": false,
    "torch_compile_worker_dynamo_mode": null,
    "framework": "torch",
    "torch_compile_learner_dynamo_mode": null,
    "torch_compile_worker": false,
    "torch_compile_learner_what_to_compile": "forward_train"
  },
  "get_multi_agent_setup": {
    "policies": {
      "default_policy": [
        null,
        null,
        null,
        null
      ]
    }
  },
  "multi_agent": {
    "policy_mapping_fn": "__not_serializable__",
    "policy_map_capacity": 100,
    "policy_states_are_swappable": false,
    "algorithm_config_overrides_per_module": {},
    "observation_fn": null,
    "policy_map_cache": -1,
    "policies_to_train": null,
    "count_steps_by": "env_steps"
  },
  "offline_data": {
    "output_max_file_size": 67108864,
    "actions_in_input_normalized": false,
    "output_compress_columns": [
      "obs",
      "new_obs"
    ],
    "output_config": {},
    "input_config": {},
    "offline_sampling": false,
    "output": null,
    "shuffle_buffer_size": 0,
    "postprocess_inputs": false,
    "input_": "sampler"
  },
  "python_environment": {
    "extra_python_environs_for_worker": {},
    "extra_python_environs_for_driver": {}
  },
  "reporting": {
    "metrics_num_episodes_for_smoothing": 100,
    "min_sample_timesteps_per_iteration": 100,
    "min_time_s_per_iteration": 1,
    "metrics_episode_collection_timeout_s": 60.0,
    "keep_per_episode_custom_metrics": false,
    "min_train_timesteps_per_iteration": 0
  },
  "resources": {
    "num_cpus_per_learner_worker": 1,
    "num_gpus_per_worker": 0,
    "placement_strategy": "PACK",
    "_fake_gpus": false,
    "num_learner_workers": 0,
    "num_gpus": 0,
    "num_cpus_per_worker": 1,
    "num_gpus_per_learner_worker": 0,
    "local_gpu_idx": 0,
    "custom_resources_per_worker": {},
    "num_cpus_for_local_worker": 1
  },
  "rl_module": {
    "_enable_rl_module_api": false,
    "rl_module_spec": "<class 'NoneType'>"
  },
  "rollouts": {
    "remote_env_batch_wait_ms": 0,
    "ignore_worker_failures": false,
    "sample_async": false,
    "use_worker_filter_stats": true,
    "rollout_fragment_length": "auto",
    "env_runner_cls": null,
    "enable_connectors": true,
    "sample_collector": "ray.rllib.evaluation.collectors.simple_list_collector.SimpleListCollector",
    "observation_filter": "NoFilter",
    "update_worker_filter_stats": true,
    "num_envs_per_worker": 1,
    "batch_mode": "truncate_episodes",
    "remote_worker_envs": false,
    "compress_observations": false,
    "enable_tf1_exec_eagerly": false,
    "validate_workers_after_construction": true,
    "preprocessor_pref": "deepmind",
    "sampler_perf_stats_ema_coef": null,
    "create_env_on_local_worker": false,
    "num_rollout_workers": 0
  },
  "training": {
    "tau": 0.005,
    "q_model_config": {
      "fcnet_hiddens": [
        256,
        256
      ],
      "fcnet_activation": "relu",
      "post_fcnet_hiddens": [],
      "post_fcnet_activation": null,
      "custom_model": null,
      "custom_model_config": {}
    },
    "replay_buffer_config": {
      "_enable_replay_buffer_api": true,
      "type": "MultiAgentPrioritizedReplayBuffer",
      "capacity": 1000000,
      "prioritized_replay": false,
      "prioritized_replay_alpha": 0.6,
      "prioritized_replay_beta": 0.4,
      "prioritized_replay_eps": 1e-06,
      "worker_side_prioritization": false
    },
    "num_steps_sampled_before_learning_starts": 1500,
    "policy_model_config": {
      "fcnet_hiddens": [
        256,
        256
      ],
      "fcnet_activation": "relu",
      "post_fcnet_hiddens": [],
      "post_fcnet_activation": null,
      "custom_model": null,
      "custom_model_config": {}
    },
    "n_step": 1,
    "_deterministic_loss": false,
    "target_entropy": "auto",
    "twin_q": true,
    "initial_alpha": 1.0,
    "grad_clip_by": "global_norm",
    "max_requests_in_flight_per_sampler_worker": 2,
    "lr": 0.001,
    "grad_clip": null,
    "gamma": 0.99,
    "train_batch_size": 256,
    "store_buffer_in_checkpoints": false,
    "model": {
      "_disable_preprocessor_api": false,
      "_disable_action_flattening": false,
      "fcnet_hiddens": [
        256,
        256
      ],
      "fcnet_activation": "tanh",
      "conv_filters": null,
      "conv_activation": "relu",
      "post_fcnet_hiddens": [],
      "post_fcnet_activation": "relu",
      "free_log_std": false,
      "no_final_linear": false,
      "vf_share_layers": true,
      "use_lstm": false,
      "max_seq_len": 20,
      "lstm_cell_size": 256,
      "lstm_use_prev_action": false,
      "lstm_use_prev_reward": false,
      "_time_major": false,
      "use_attention": false,
      "attention_num_transformer_units": 1,
      "attention_dim": 64,
      "attention_num_heads": 1,
      "attention_head_dim": 32,
      "attention_memory_inference": 50,
      "attention_memory_training": 50,
      "attention_position_wise_mlp_dim": 32,
      "attention_init_gru_gate_bias": 2.0,
      "attention_use_n_prev_actions": 0,
      "attention_use_n_prev_rewards": 0,
      "framestack": true,
      "dim": 84,
      "grayscale": false,
      "zero_mean": true,
      "custom_model": null,
      "custom_model_config": {},
      "custom_action_dist": null,
      "custom_preprocessor": null,
      "encoder_latent_dim": null,
      "always_check_shapes": false,
      "lstm_use_prev_action_reward": -1,
      "_use_default_native_models": -1
    },
    "target_network_update_freq": 0,
    "_use_beta_distribution": false,
    "_enable_learner_api": false,
    "training_intensity": null,
    "optimizer": {},
    "optimization_config": {
      "actor_learning_rate": 0.0003,
      "critic_learning_rate": 0.0003,
      "entropy_learning_rate": 0.0003
    }
  },
  "not_classified": {
    "_is_atari": null,
    "_learner_class": null,
    "in_evaluation": false,
    "sync_filters_on_rollout_workers_timeout_s": 60.0,
    "_AlgorithmConfig__prior_exploration_config": null,
    "simple_optimizer": -1,
    "synchronize_filters": -1,
    "replay_sequence_length": null,
    "use_state_preprocessor": -1,
    "worker_side_prioritization": -1
  },
  "callbacks": {
    "callbacks_class": "ray.rllib.algorithms.callbacks.DefaultCallbacks"
  }
}